{
  "status": "passed",
  "cases": 332,
  "checks": 1171,
  "seed": 20260922,
  "elapsed_seconds": 0.8458321000216529,
  "versions": {
    "python": "3.12.14",
    "numpy": "2.5.3",
    "segyio": "1.9.14",
    "node": "v24.11.0",
    "platform": "Windows-11-10.0.26200-SP0"
  },
  "benchmark": {
    "traces": 64,
    "samples_per_trace": 1000,
    "bytes": 274960,
    "operation": "scan + finite validation + JSON IPC",
    "seconds": 0.01189429999794811
  },
  "limits": [
    "segyio fixed trace interoperability only; code 7, variable/rev2 verified by independent struct",
    "CP037 only, not every EBCDIC variant",
    "no unknown trace-header remapping/extensions",
    "raw amplitude statistics, not physical acquisition calibration"
  ]
}
